../Core/Src/ssd1306.c:9:13:cs_low	8	static
../Core/Src/ssd1306.c:10:13:cs_high	8	static
../Core/Src/ssd1306.c:11:13:dc_cmd	8	static
../Core/Src/ssd1306.c:12:13:dc_data	8	static
../Core/Src/ssd1306.c:13:13:rst_low	8	static
../Core/Src/ssd1306.c:14:13:rst_high	8	static
../Core/Src/ssd1306.c:16:13:send_cmd	16	static
../Core/Src/ssd1306.c:22:13:send_data	16	static
../Core/Src/ssd1306.c:28:6:ssd1306_init	48	static
../Core/Src/ssd1306.c:53:6:ssd1306_clear	8	static
../Core/Src/ssd1306.c:57:6:ssd1306_draw_pixel	16	static
../Core/Src/ssd1306.c:62:6:ssd1306_draw_vline	32	static
../Core/Src/ssd1306.c:67:6:ssd1306_flush	8	static
